---
source: src/output/pretty.rs
expression: "<doc><p>Hello <!--world-->!</p></doc>"
---
<doc>
  <p>Hello <!--world-->!</p>
</doc>

