---
source: src/output/pretty.rs
expression: "<doc><a><b><c/></b></a></doc>"
---
<doc>
  <a><b><c/></b></a>
</doc>

