---
source: src/pretty2.rs
expression: output_xml
---
<doc>
  <p>Hello <em>world</em>!</p>
</doc>

