---
source: src/pretty.rs
expression: s
---
<doc>
  <p>Hello <!--world-->!</p>
</doc>

