---
source: src/pretty2.rs
expression: output_xml
---
<doc>
  <a>
    <b/>
  </a>
  <a>
    <b/>
    <b/>
  </a>
</doc>

