---
source: src/pretty.rs
expression: s
---
<doc>
  <a>
    <?pi?>
    <?pi?>
  </a>
</doc>

