---
source: src/pretty.rs
expression: output_xml
---
<doc>
  <p>Hello <!--world-->!</p>
</doc>

