---
source: src/pretty.rs
expression: "<doc><a><b/></a></doc>"
---
<doc>
  <a>
    <b/>
  </a>
</doc>

