---
source: src/pretty2.rs
expression: output_xml
---
<doc>
  <a>
    <!--hello-->
    <!--world-->
  </a>
</doc>

