---
source: src/pretty.rs
expression: "<doc><a><!--hello--><!--world--></a></doc>"
---
<doc>
  <a>
    <!--hello-->
    <!--world-->
  </a>
</doc>

