---
source: src/pretty.rs
expression: output_xml
---
<doc>
  <a>text</a>
  <a>text 2</a>
</doc>

