---
source: src/pretty.rs
expression: output_xml
---
<doc>
  <p>Hello <em><strong>world</strong></em>!</p>
</doc>

